[    0.000000] Initializing cgroup subsys cpuset
[    0.000000] Initializing cgroup subsys cpu
[    0.000000] Initializing cgroup subsys cpuacct
[    0.000000] Linux version 4.4.0-146-generic (buildd@lcy01-amd64-025) (gcc version 5.4.0 20160609 (Ubuntu 5.4.0-6ubuntu1~16.04.10) ) #172-Ubuntu SMP Wed Apr 3 09:00:08 UTC 2019 (Ubuntu 4.4.0-146.172-generic 4.4.177)
[    0.000000] Command line: BOOT_IMAGE=/boot/vmlinuz-4.4.0-146-generic root=LABEL=cloudimg-rootfs ro console=tty1 console=ttyS0
[    0.000000] KERNEL supported cpus:
[    0.000000]   Intel GenuineIntel
[    0.000000]   AMD AuthenticAMD
[    0.000000]   Centaur CentaurHauls
[    0.000000] x86/fpu: xstate_offset[2]:  576, xstate_sizes[2]:  256
[    0.000000] x86/fpu: Supporting XSAVE feature 0x01: 'x87 floating point registers'
[    0.000000] x86/fpu: Supporting XSAVE feature 0x02: 'SSE registers'
[    0.000000] x86/fpu: Supporting XSAVE feature 0x04: 'AVX registers'
[    0.000000] x86/fpu: Enabled xstate features 0x7, context size is 832 bytes, using 'standard' format.
[    0.000000] e820: BIOS-provided physical RAM map:
[    0.000000] BIOS-e820: [mem 0x0000000000000000-0x000000000009fbff] usable
[    0.000000] BIOS-e820: [mem 0x000000000009fc00-0x000000000009ffff] reserved
[    0.000000] BIOS-e820: [mem 0x00000000000f0000-0x00000000000fffff] reserved
[    0.000000] BIOS-e820: [mem 0x0000000000100000-0x000000003ffeffff] usable
[    0.000000] BIOS-e820: [mem 0x000000003fff0000-0x000000003fffffff] ACPI data
[    0.000000] BIOS-e820: [mem 0x00000000fec00000-0x00000000fec00fff] reserved
[    0.000000] BIOS-e820: [mem 0x00000000fee00000-0x00000000fee00fff] reserved
[    0.000000] BIOS-e820: [mem 0x00000000fffc0000-0x00000000ffffffff] reserved
[    0.000000] NX (Execute Disable) protection: active
[    0.000000] SMBIOS 2.5 present.
[    0.000000] Hypervisor detected: KVM
[    0.000000] e820: last_pfn = 0x3fff0 max_arch_pfn = 0x400000000
[    0.000000] MTRR: Disabled
[    0.000000] x86/PAT: MTRRs disabled, skipping PAT initialization too.
[    0.000000] CPU MTRRs all blank - virtualized system.
[    0.000000] x86/PAT: Configuration [0-7]: WB  WT  UC- UC  WB  WT  UC- UC  
[    0.000000] found SMP MP-table at [mem 0x0009fff0-0x0009ffff] mapped at [ffff88000009fff0]
[    0.000000] Scanning 1 areas for low memory corruption
[    0.000000] RAMDISK: [mem 0x362fa000-0x37174fff]
[    0.000000] ACPI: Early table checksum verification disabled
[    0.000000] ACPI: RSDP 0x00000000000E0000 000024 (v02 VBOX  )
[    0.000000] ACPI: XSDT 0x000000003FFF0030 00003C (v01 VBOX   VBOXXSDT 00000001 ASL  00000061)
[    0.000000] ACPI: FACP 0x000000003FFF00F0 0000F4 (v04 VBOX   VBOXFACP 00000001 ASL  00000061)
[    0.000000] ACPI: DSDT 0x000000003FFF0470 0022EA (v02 VBOX   VBOXBIOS 00000002 INTL 20100528)
[    0.000000] ACPI: FACS 0x000000003FFF0200 000040
[    0.000000] ACPI: FACS 0x000000003FFF0200 000040
[    0.000000] ACPI: APIC 0x000000003FFF0240 00005C (v02 VBOX   VBOXAPIC 00000001 ASL  00000061)
[    0.000000] ACPI: SSDT 0x000000003FFF02A0 0001CC (v01 VBOX   VBOXCPUT 00000002 INTL 20100528)
[    0.000000] No NUMA configuration found
[    0.000000] Faking a node at [mem 0x0000000000000000-0x000000003ffeffff]
[    0.000000] NODE_DATA(0) allocated [mem 0x3ffeb000-0x3ffeffff]
[    0.000000] kvm-clock: Using msrs 4b564d01 and 4b564d00
[    0.000000] kvm-clock: cpu 0, msr 0:3ffe3001, primary cpu clock
[    0.000000] kvm-clock: using sched offset of 8773714304 cycles
[    0.000000] clocksource: kvm-clock: mask: 0xffffffffffffffff max_cycles: 0x1cd42e4dffb, max_idle_ns: 881590591483 ns
[    0.000000] Zone ranges:
[    0.000000]   DMA      [mem 0x0000000000001000-0x0000000000ffffff]
[    0.000000]   DMA32    [mem 0x0000000001000000-0x000000003ffeffff]
[    0.000000]   Normal   empty
[    0.000000]   Device   empty
[    0.000000] Movable zone start for each node
[    0.000000] Early memory node ranges
[    0.000000]   node   0: [mem 0x0000000000001000-0x000000000009efff]
[    0.000000]   node   0: [mem 0x0000000000100000-0x000000003ffeffff]
[    0.000000] Initmem setup node 0 [mem 0x0000000000001000-0x000000003ffeffff]
[    0.000000] ACPI: PM-Timer IO Port: 0x4008
[    0.000000] IOAPIC[0]: apic_id 2, version 32, address 0xfec00000, GSI 0-23
[    0.000000] ACPI: INT_SRC_OVR (bus 0 bus_irq 0 global_irq 2 dfl dfl)
[    0.000000] ACPI: INT_SRC_OVR (bus 0 bus_irq 9 global_irq 9 low level)
[    0.000000] Using ACPI (MADT) for SMP configuration information
[    0.000000] smpboot: Allowing 2 CPUs, 0 hotplug CPUs
[    0.000000] PM: Registered nosave memory: [mem 0x00000000-0x00000fff]
[    0.000000] PM: Registered nosave memory: [mem 0x0009f000-0x0009ffff]
[    0.000000] PM: Registered nosave memory: [mem 0x000a0000-0x000effff]
[    0.000000] PM: Registered nosave memory: [mem 0x000f0000-0x000fffff]
[    0.000000] e820: [mem 0x40000000-0xfebfffff] available for PCI devices
[    0.000000] Booting paravirtualized kernel on KVM
[    0.000000] clocksource: refined-jiffies: mask: 0xffffffff max_cycles: 0xffffffff, max_idle_ns: 7645519600211568 ns
[    0.000000] setup_percpu: NR_CPUS:512 nr_cpumask_bits:512 nr_cpu_ids:2 nr_node_ids:1
[    0.000000] PERCPU: Embedded 34 pages/cpu @ffff88003fc00000 s99480 r8192 d31592 u1048576
[    0.000000] Built 1 zonelists in Node order, mobility grouping on.  Total pages: 257912
[    0.000000] Policy zone: DMA32
[    0.000000] Kernel command line: BOOT_IMAGE=/boot/vmlinuz-4.4.0-146-generic root=LABEL=cloudimg-rootfs ro console=tty1 console=ttyS0
[    0.000000] PID hash table entries: 4096 (order: 3, 32768 bytes)
[    0.000000] Memory: 997732K/1048120K available (8609K kernel code, 1334K rwdata, 4028K rodata, 1484K init, 1284K bss, 50388K reserved, 0K cma-reserved)
[    0.000000] SLUB: HWalign=64, Order=0-3, MinObjects=0, CPUs=2, Nodes=1
[    0.000000] Kernel/User page tables isolation: enabled
[    0.000000] Hierarchical RCU implementation.
[    0.000000] 	Build-time adjustment of leaf fanout to 64.
[    0.000000] 	RCU restricting CPUs from NR_CPUS=512 to nr_cpu_ids=2.
[    0.000000] RCU: Adjusting geometry for rcu_fanout_leaf=64, nr_cpu_ids=2
[    0.000000] NR_IRQS:33024 nr_irqs:440 16
[    0.000000] Console: colour VGA+ 80x25
[    0.000000] console [tty1] enabled
[    0.000000] console [ttyS0] enabled
[    0.000000] tsc: Detected 1599.999 MHz processor
[    0.378384] Calibrating delay loop (skipped) preset value.. 3199.99 BogoMIPS (lpj=6399996)
[    0.382730] pid_max: default: 32768 minimum: 301
[    0.385945] ACPI: Core revision 20150930
[    0.391327] ACPI: 2 ACPI AML tables successfully acquired and loaded
[    0.395831] Security Framework initialized
[    0.401609] Yama: becoming mindful.
[    0.403578] AppArmor: AppArmor initialized
[    0.405846] Dentry cache hash table entries: 131072 (order: 8, 1048576 bytes)
[    0.412243] Inode-cache hash table entries: 65536 (order: 7, 524288 bytes)
[    0.415782] Mount-cache hash table entries: 2048 (order: 2, 16384 bytes)
[    0.419857] Mountpoint-cache hash table entries: 2048 (order: 2, 16384 bytes)
[    0.423453] Initializing cgroup subsys io
[    0.425509] Initializing cgroup subsys memory
[    0.434428] Initializing cgroup subsys devices
[    0.436807] Initializing cgroup subsys freezer
[    0.439126] Initializing cgroup subsys net_cls
[    0.441455] Initializing cgroup subsys perf_event
[    0.443846] Initializing cgroup subsys net_prio
[    0.446241] Initializing cgroup subsys hugetlb
[    0.448834] Initializing cgroup subsys pids
[    0.452185] mce: CPU supports 0 MCE banks
[    0.454990] Last level iTLB entries: 4KB 64, 2MB 8, 4MB 8
[    0.463997] Last level dTLB entries: 4KB 64, 2MB 0, 4MB 0, 1GB 4
[    0.469210] Spectre V2 : Mitigation: Full generic retpoline
[    0.472011] Spectre V2 : Spectre v2 / SpectreRSB mitigation: Filling RSB on context switch
[    0.476306] Speculative Store Bypass: Vulnerable
[    0.482273] Freeing SMP alternatives memory: 36K
[    0.495887] ftrace: allocating 32287 entries in 127 pages
[    0.606769] smpboot: APIC(0) Converting physical 0 to logical package 0
[    0.610100] smpboot: Max logical packages: 1
[    0.612638] x2apic enabled
[    0.614362] Switched APIC routing to physical x2apic.
[    0.618079] ..TIMER: vector=0x30 apic1=0 pin1=2 apic2=-1 pin2=-1
[    0.728718] smpboot: CPU0: Intel(R) Core(TM) i5-5250U CPU @ 1.60GHz (family: 0x6, model: 0x3d, stepping: 0x4)
[    0.733235] Performance Events: unsupported p6 CPU model 61 no PMU driver, software events only.
[    0.749333] KVM setup paravirtual spinlock
[    0.752162] x86: Booting SMP configuration:
[    0.755599] .... node  #0, CPUs:      #1
[    0.760411] kvm-clock: cpu 1, msr 0:3ffe3041, secondary cpu clock
[    0.764151] mce: CPU supports 0 MCE banks
[    0.767810] x86: Booted up 1 node, 2 CPUs
[    0.770553] smpboot: Total of 2 processors activated (6399.99 BogoMIPS)
[    0.773999] devtmpfs: initialized
[    0.777034] evm: security.selinux
[    0.778944] evm: security.SMACK64
[    0.780558] evm: security.SMACK64EXEC
[    0.783019] evm: security.SMACK64TRANSMUTE
[    0.791266] evm: security.SMACK64MMAP
[    0.803068] evm: security.ima
[    0.807626] evm: security.capability
[    0.811710] clocksource: jiffies: mask: 0xffffffff max_cycles: 0xffffffff, max_idle_ns: 7645041785100000 ns
[    0.817178] futex hash table entries: 512 (order: 3, 32768 bytes)
[    0.821976] pinctrl core: initialized pinctrl subsystem
[    0.828682] RTC time: 18:01:54, date: 05/14/19
[    0.831399] NET: Registered protocol family 16
[    0.844317] cpuidle: using governor ladder
[    0.855992] cpuidle: using governor menu
[    0.860012] PCCT header not found.
[    0.865304] ACPI: bus type PCI registered
[    0.869730] acpiphp: ACPI Hot Plug PCI Controller Driver version: 0.5
[    0.875490] PCI: Using configuration type 1 for base access
[    0.899706] ACPI: Added _OSI(Module Device)
[    0.905249] ACPI: Added _OSI(Processor Device)
[    0.912515] ACPI: Added _OSI(3.0 _SCP Extensions)
[    0.921360] ACPI: Added _OSI(Processor Aggregator Device)
[    0.933124] ACPI: Executed 1 blocks of module-level executable AML code
[    0.955221] ACPI: Interpreter enabled
[    0.962173] ACPI: (supports S0 S5)
[    0.966890] ACPI: Using IOAPIC for interrupt routing
[    0.979141] PCI: Using host bridge windows from ACPI; if necessary, use "pci=nocrs" and report a bug
[    0.999754] ACPI: PCI Root Bridge [PCI0] (domain 0000 [bus 00-ff])
[    1.005526] acpi PNP0A03:00: _OSC: OS supports [ASPM ClockPM Segments MSI]
[    1.010694] acpi PNP0A03:00: _OSC: not requesting OS control; OS requires [ExtendedConfig ASPM ClockPM MSI]
[    1.016361] acpi PNP0A03:00: fail to add MMCONFIG information, can't access extended PCI configuration space under this bridge.
[    1.029255] PCI host bridge to bus 0000:00
[    1.032911] pci_bus 0000:00: root bus resource [io  0x0000-0x0cf7 window]
[    1.038912] pci_bus 0000:00: root bus resource [io  0x0d00-0xffff window]
[    1.042924] pci_bus 0000:00: root bus resource [mem 0x000a0000-0x000bffff window]
[    1.047818] pci_bus 0000:00: root bus resource [mem 0x40000000-0xfdffffff window]
[    1.051966] pci_bus 0000:00: root bus resource [bus 00-ff]
[    1.060782] pci 0000:00:01.1: legacy IDE quirk: reg 0x10: [io  0x01f0-0x01f7]
[    1.064786] pci 0000:00:01.1: legacy IDE quirk: reg 0x14: [io  0x03f6]
[    1.068421] pci 0000:00:01.1: legacy IDE quirk: reg 0x18: [io  0x0170-0x0177]
[    1.071763] pci 0000:00:01.1: legacy IDE quirk: reg 0x1c: [io  0x0376]
[    1.106263] pci 0000:00:07.0: quirk: [io  0x4000-0x403f] claimed by PIIX4 ACPI
[    1.110672] pci 0000:00:07.0: quirk: [io  0x4100-0x410f] claimed by PIIX4 SMB
[    1.146258] ACPI: PCI Interrupt Link [LNKA] (IRQs 5 9 10 *11)
[    1.150122] ACPI: PCI Interrupt Link [LNKB] (IRQs 5 9 *10 11)
[    1.154140] ACPI: PCI Interrupt Link [LNKC] (IRQs 5 *9 10 11)
[    1.160110] ACPI: PCI Interrupt Link [LNKD] (IRQs 5 9 10 *11)
[    1.164777] ACPI: Enabled 2 GPEs in block 00 to 07
[    1.171794] vgaarb: setting as boot device: PCI:0000:00:02.0
[    1.174702] vgaarb: device added: PCI:0000:00:02.0,decodes=io+mem,owns=io+mem,locks=none
[    1.178975] vgaarb: loaded
[    1.180477] vgaarb: bridge control possible 0000:00:02.0
[    1.185836] SCSI subsystem initialized
[    1.188780] ACPI: bus type USB registered
[    1.192456] usbcore: registered new interface driver usbfs
[    1.195249] usbcore: registered new interface driver hub
[    1.203874] usbcore: registered new device driver usb
[    1.206866] PCI: Using ACPI for IRQ routing
[    1.209951] NetLabel: Initializing
[    1.211808] NetLabel:  domain hash size = 128
[    1.214341] NetLabel:  protocols = UNLABELED CIPSOv4
[    1.218495] NetLabel:  unlabeled traffic allowed by default
[    1.223310] amd_nb: Cannot enumerate AMD northbridges
[    1.225987] clocksource: Switched to clocksource kvm-clock
[    1.239456] AppArmor: AppArmor Filesystem Enabled
[    1.241446] pnp: PnP ACPI init
[    1.244840] pnp: PnP ACPI: found 3 devices
[    1.261741] clocksource: acpi_pm: mask: 0xffffff max_cycles: 0xffffff, max_idle_ns: 2085701024 ns
[    1.266414] NET: Registered protocol family 2
[    1.269653] TCP established hash table entries: 8192 (order: 4, 65536 bytes)
[    1.273410] TCP bind hash table entries: 8192 (order: 5, 131072 bytes)
[    1.276880] TCP: Hash tables configured (established 8192 bind 8192)
[    1.280583] UDP hash table entries: 512 (order: 2, 16384 bytes)
[    1.283664] UDP-Lite hash table entries: 512 (order: 2, 16384 bytes)
[    1.289718] NET: Registered protocol family 1
[    1.291886] pci 0000:00:00.0: Limiting direct PCI/PCI transfers
[    1.294542] pci 0000:00:01.0: Activating ISA DMA hang workarounds
[    1.297239] Unpacking initramfs...
[    1.810531] Freeing initrd memory: 14828K
[    1.812820] RAPL PMU detected, API unit is 2^-32 Joules, 4 fixed counters 10737418240 ms ovfl timer
[    1.820564] hw unit of domain pp0-core 2^-0 Joules
[    1.823551] hw unit of domain package 2^-0 Joules
[    1.825947] hw unit of domain dram 2^-0 Joules
[    1.830982] hw unit of domain pp1-gpu 2^-0 Joules
[    1.833804] platform rtc_cmos: registered platform RTC device (no PNP device found)
[    1.837432] Scanning for low memory corruption every 60 seconds
[    1.840352] audit: initializing netlink subsys (disabled)
[    1.843961] audit: type=2000 audit(1557856925.413:1): initialized
[    1.847167] Initialise system trusted keyring
[    1.849406] HugeTLB registered 2 MB page size, pre-allocated 0 pages
[    1.856896] zbud: loaded
[    1.861154] VFS: Disk quotas dquot_6.6.0
[    1.873052] VFS: Dquot-cache hash table entries: 512 (order 0, 4096 bytes)
[    1.889245] squashfs: version 4.0 (2009/01/31) Phillip Lougher
[    1.892358] fuse init (API version 7.23)
[    1.894548] Key type big_key registered
[    1.896322] Allocating IMA MOK and blacklist keyrings.
[    1.900634] Key type asymmetric registered
[    1.902826] Asymmetric key parser 'x509' registered
[    1.908284] Block layer SCSI generic (bsg) driver version 0.4 loaded (major 249)
[    1.913445] io scheduler noop registered
[    1.916143] io scheduler deadline registered (default)
[    1.920300] io scheduler cfq registered
[    1.923616] pci_hotplug: PCI Hot Plug PCI Core version: 0.5
[    1.942013] pciehp: PCI Express Hot Plug Controller Driver version: 0.4
[    1.951918] ACPI: AC Adapter [AC] (off-line)
[    1.954849] input: Power Button as /devices/LNXSYSTM:00/LNXPWRBN:00/input/input0
[    1.961101] ACPI: Power Button [PWRF]
[    1.972790] input: Sleep Button as /devices/LNXSYSTM:00/LNXSLPBN:00/input/input1
[    1.983809] ACPI: Sleep Button [SLPF]
[    1.991382] GHES: HEST is not enabled!
[    1.993586] ACPI: Battery Slot [BAT0] (battery present)
[    1.998583] Serial: 8250/16550 driver, 32 ports, IRQ sharing enabled
  2.025071] 00:02: ttyS0 at I/O 0x3f8 (irq = 4, base_baud = 115200) is a 16550A
[    2.244603] Linux agpgart interface v0.103
[    2.272275] loop: module loaded
[    2.279141] scsi host0: ata_piix
[    2.293844] scsi host1: ata_piix
[    2.298248] ata1: PATA max UDMA/33 cmd 0x1f0 ctl 0x3f6 bmdma 0xd000 irq 14
[    2.305743] ata2: PATA max UDMA/33 cmd 0x170 ctl 0x376 bmdma 0xd008 irq 15
[    2.314556] libphy: Fixed MDIO Bus: probed
[    2.320570] tun: Universal TUN/TAP device driver, 1.6
[    2.322813] tun: (C) 1999-2004 Max Krasnyansky <maxk@qualcomm.com>
[    2.325384] PPP generic driver version 2.4.2
[    2.329052] ehci_hcd: USB 2.0 'Enhanced' Host Controller (EHCI) Driver
[    2.333314] ehci-pci: EHCI PCI platform driver
[    2.339097] ehci-platform: EHCI generic platform driver
[    2.350264] ohci_hcd: USB 1.1 'Open' Host Controller (OHCI) Driver
[    2.360406] ohci-pci: OHCI PCI platform driver
[    2.363965] ohci-platform: OHCI generic platform driver
[    2.369716] uhci_hcd: USB Universal Host Controller Interface driver
[    2.390046] i8042: PNP: PS/2 Controller [PNP0303:PS2K,PNP0f03:PS2M] at 0x60,0x64 irq 1,12
[    2.403481] serio: i8042 KBD port at 0x60,0x64 irq 1
[    2.405544] serio: i8042 AUX port at 0x60,0x64 irq 12
[    2.409378] mousedev: PS/2 mouse device common for all mice
[    2.413811] rtc_cmos rtc_cmos: rtc core: registered rtc_cmos as rtc0
[    2.420582] rtc_cmos rtc_cmos: alarms up to one day, 114 bytes nvram
[    2.425097] i2c /dev entries driver
[    2.433028] device-mapper: uevent: version 1.0.3
[    2.438863] device-mapper: ioctl: 4.34.0-ioctl (2015-10-28) initialised: dm-devel@redhat.com
[    2.448456] input: AT Translated Set 2 keyboard as /devices/platform/i8042/serio0/input/input2
[    2.455173] ledtrig-cpu: registered to indicate activity on CPUs
[    2.459110] NET: Registered protocol family 10
[    2.466967] NET: Registered protocol family 17
[    2.470563] Key type dns_resolver registered
[    2.475450] registered taskstats version 1
[    2.479036] Loading compiled-in X.509 certificates
[    2.482008] Loaded X.509 cert 'Build time autogenerated kernel key: 4dcb2dc2c7cf43e0c20c44384f68683c20294489'
[    2.490258] zswap: loaded using pool lzo/zbud
[    2.535440] Key type trusted registered
[    2.548926] Key type encrypted registered
[    2.551836] AppArmor: AppArmor sha1 policy hashing enabled
[    2.557670] ima: No TPM chip found, activating TPM-bypass!
[    2.563017] ima: Allocated hash algorithm: sha1
[    2.564889] evm: HMAC attrs: 0x1
[    2.571832]   Magic number: 3:915:38
[    2.573734] bdi 7:3: hash matches
[    2.578639] rtc_cmos rtc_cmos: setting system clock to 2019-05-14 18:01:56 UTC (1557856916)
[    2.585972] BIOS EDD facility v0.16 2004-Jun-25, 0 devices found
[    2.589423] EDD information not available.
[    2.593127] Freeing unused kernel memory: 1484K
[    2.610283] Write protecting the kernel read-only data: 14336k
[    2.613782] Freeing unused kernel memory: 1620K
[    2.619525] Freeing unused kernel memory: 68K
Loading, please wait...
starting version 229
[    2.643483] random: systemd-udevd: uninitialized urandom read (16 bytes read, 5 bits of entropy available)
[    2.644286] random: udevadm: uninitialized urandom read (16 bytes read, 5 bits of entropy available)
[    2.644322] random: udevadm: uninitialized urandom read (16 bytes read, 5 bits of entropy available)
[    2.658551] random: udevadm: uninitialized urandom read (16 bytes read, 5 bits of entropy available)
[    2.658603] random: udevadm: uninitialized urandom read (16 bytes read, 5 bits of entropy available)
[    2.658759] random: udevadm: uninitialized urandom read (16 bytes read, 5 bits of entropy available)
[    2.658815] random: udevadm: uninitialized urandom read (16 bytes read, 5 bits of entropy available)
[    2.658868] random: udevadm: uninitialized urandom read (16 bytes read, 5 bits of entropy available)
[    2.658922] random: udevadm: uninitialized urandom read (16 bytes read, 5 bits of entropy available)
[    2.658972] random: udevadm: uninitialized urandom read (16 bytes read, 5 bits of entropy available)
[    2.752671] e1000: Intel(R) PRO/1000 Network Driver - version 7.3.21-k8-NAPI
[    2.759330] e1000: Copyright (c) 1999-2006 Intel Corporation.
[    2.774289] Fusion MPT base driver 3.04.20
[    2.777007] Copyright (c) 1999-2008 LSI Corporation
[    2.796105] AVX2 version of gcm_enc/dec engaged.
[    2.802576] AES CTR mode by8 optimization enabled
[    2.814705] Fusion MPT SPI Host driver 3.04.20
[    2.830179] tsc: Refined TSC clocksource calibration: 1600.181 MHz
[    2.833423] clocksource: tsc: mask: 0xffffffffffffffff max_cycles: 0x1710cfe4b47, max_idle_ns: 440795214042 ns
[    2.988784] input: ImExPS/2 Generic Explorer Mouse as /devices/platform/i8042/serio1/input/input4
[    3.312461] e1000 0000:00:03.0 eth0: (PCI:33MHz:32-bit) 02:3a:f4:24:e2:72
[    3.315174] e1000 0000:00:03.0 eth0: Intel(R) PRO/1000 Network Connection
[    3.903380] e1000 0000:00:08.0 eth1: (PCI:33MHz:32-bit) 08:00:27:e0:5f:03
[    3.906088] e1000 0000:00:08.0 eth1: Intel(R) PRO/1000 Network Connection
[    3.910272] mptbase: ioc0: Initiating bringup
[    3.911098] e1000 0000:00:08.0 enp0s8: renamed from eth1
[    3.928477] e1000 0000:00:03.0 enp0s3: renamed from eth0
[    3.982502] ioc0: LSI53C1030 A0: Capabilities={Initiator}
[    4.149567] scsi host2: ioc0: LSI53C1030 A0, FwRev=00000000h, Ports=1, MaxQ=256, IRQ=20
[    4.267006] scsi 2:0:0:0: Direct-Access     VBOX     HARDDISK         1.0  PQ: 0 ANSI: 5
[    4.271316] scsi target2:0:0: Beginning Domain Validation
[    4.275864] scsi target2:0:0: Domain Validation skipping write tests
[    4.290808] scsi target2:0:0: Ending Domain Validation
[    4.293232] scsi target2:0:0: asynchronous
[    4.296123] scsi 2:0:1:0: Direct-Access     VBOX     HARDDISK         1.0  PQ: 0 ANSI: 5
[    4.299665] scsi target2:0:1: Beginning Domain Validation
[    4.303800] scsi target2:0:1: Domain Validation skipping write tests
[    4.306329] scsi target2:0:1: Ending Domain Validation
[    4.308867] scsi target2:0:1: asynchronous
[    4.321254] sd 2:0:0:0: Attached scsi generic sg0 type 0
[    4.324025] sd 2:0:1:0: Attached scsi generic sg1 type 0
[    4.324102] sd 2:0:0:0: [sda] 20971520 512-byte logical blocks: (10.7 GB/10.0 GiB)
[    4.328022] sd 2:0:1:0: [sdb] 20480 512-byte logical blocks: (10.5 MB/10.0 MiB)
[    4.334314] sd 2:0:0:0: [sda] Write Protect is off
[    4.337062] sd 2:0:1:0: [sdb] Write Protect is off
[    4.339466] sd 2:0:1:0: [sdb] Incomplete mode parameter data
[    4.341798] sd 2:0:1:0: [sdb] Assuming drive cache: write through
[    4.342083] sd 2:0:0:0: [sda] Incomplete mode parameter data
[    4.342085] sd 2:0:0:0: [sda] Assuming drive cache: write through
[    4.345435]  sda: sda1
[    4.346817] sd 2:0:0:0: [sda] Attached SCSI disk
[    4.361418] sd 2:0:1:0: [sdb] Attached SCSI disk
Begin: Loading essential drivers ... [    5.926587] md: linear personality registered for level -1
[    5.934438] md: multipath personality registered for level -4
[    5.943455] md: raid0 personality registered for level 0
[    5.955828] md: raid1 personality registered for level 1
[    6.030258] raid6: sse2x1   gen()  7334 MB/s
[    6.098316] raid6: sse2x1   xor()  4906 MB/s
[    6.166255] raid6: sse2x2   gen()  8866 MB/s
[    6.234033] raid6: sse2x2   xor()  6523 MB/s
[    6.302055] raid6: sse2x4   gen()  8216 MB/s
[    6.370217] raid6: sse2x4   xor()  4834 MB/s
[    6.438344] raid6: avx2x1   gen()  9807 MB/s
[    6.506158] raid6: avx2x2   gen() 13106 MB/s
[    6.574334] raid6: avx2x4   gen() 15154 MB/s
[    6.576894] raid6: using algorithm avx2x4 gen() 15154 MB/s
[    6.581069] raid6: using avx2x2 recovery algorithm
[    6.586509] xor: automatically using best checksumming function:
[    6.630089]    avx       : 14638.000 MB/sec
[    6.635699] async_tx: api initialized (async)
[    6.664729] md: raid6 personality registered for level 6
[    6.668295] md: raid5 personality registered for level 5
[    6.673674] md: raid4 personality registered for level 4
[    6.688969] md: raid10 personality registered for level 10
done.
Begin: Running /scripts/init-premount ... done.
Begin: Mounting root file system ... Begin: Running /scripts/local-top ... done.
Begin: Running /scripts/local-premount ... [    6.755793] Btrfs loaded
Scanning for Btrfs filesystems
done.
Warning: fsck not present, so skipping root file system
[    6.837367] EXT4-fs (sda1): mounted filesystem with ordered data mode. Opts: (null)
done.
Begin: Running /scripts/local-bottom ... done.
Begin: Running /scripts/init-bottom ... done.
[    7.142599] systemd[1]: systemd 229 running in system mode. (+PAM +AUDIT +SELINUX +IMA +APPARMOR +SMACK +SYSVINIT +UTMP +LIBCRYPTSETUP +GCRYPT +GNUTLS +ACL +XZ -LZ4 +SECCOMP +BLKID +ELFUTILS +KMOD -IDN)
[    7.151824] systemd[1]: Detected virtualization oracle.
[    7.155117] systemd[1]: Detected architecture x86-64.

Welcome to [1mUbuntu 16.04.6 LTS[0m!

[    7.166936] systemd[1]: Set hostname to <ubuntu>.
[    7.175276] systemd[1]: Initializing machine ID from random generator.
[    7.179153] systemd[1]: Installed transient /etc/machine-id file.
[    7.624620] systemd[1]: Listening on Device-mapper event daemon FIFOs.
[[0;32m  OK  [0m] Listening on Device-mapper event daemon FIFOs.
[    7.631327] systemd[1]: Reached target System Time Synchronized.
[[0;32m  OK  [0m] Reached target System Time Synchronized.
[    7.637581] systemd[1]: Started Trigger resolvconf update for networkd DNS.
[[0;32m  OK  [0m] Started Trigger resolvconf update for networkd DNS.
[    7.645035] systemd[1]: Listening on LVM2 poll daemon socket.
[[0;32m  OK  [0m] Listening on LVM2 poll daemon socket.
[    7.651377] systemd[1]: Created slice System Slice.
[[0;32m  OK  [0m] Created slice System Slice.
[    7.658846] systemd[1]: Created slice system-serial\x2dgetty.slice.
[[0;32m  OK  [0m] Created slice system-serial\x2dgetty.slice.
[    7.670707] systemd[1]: Started Forward Password Requests to Wall Directory Watch.
[[0;32m  OK  [0m] Started Forward Password Requests to Wall Directory Watch.
[    7.679931] systemd[1]: Reached target User and Group Name Lookups.
[[0;32m  OK  [0m] Reached target User and Group Name Lookups.
[    7.689843] systemd[1]: Reached target Swap.
[[0;32m  OK  [0m] Reached target Swap.
[    7.696065] systemd[1]: Listening on udev Kernel Socket.
[[0;32m  OK  [0m] Listening on udev Kernel Socket.
[    7.706971] systemd[1]: Listening on /dev/initctl Compatibility Named Pipe.
[[0;32m  OK  [0m] Listening on /dev/initctl Compatibility Named Pipe.
[    7.716015] systemd[1]: Created slice User and Session Slice.
[[0;32m  OK  [0m] Created slice User and Session Slice.
[    7.723402] systemd[1]: Set up automount Arbitrary Executable File Formats File System Automount Point.
[[0;32m  OK  [0m] Set up automount Arbitrary Executab...ats File System Automount Point.
[    7.732526] systemd[1]: Listening on Syslog Socket.
[[0;32m  OK  [0m] Listening on Syslog Socket.
[    7.738814] systemd[1]: Listening on udev Control Socket.
[[0;32m  OK  [0m] Listening on udev Control Socket.
[    7.745803] systemd[1]: Reached target Slices.
[[0;32m  OK  [0m] Reached target Slices.
[    7.754052] systemd[1]: Reached target Encrypted Volumes.
[[0;32m  OK  [0m] Reached target Encrypted Volumes.
[    7.760108] systemd[1]: Listening on Journal Socket.
[[0;32m  OK  [0m] Listening on Journal Socket.
[    7.778290] systemd[1]: Starting Uncomplicated firewall...
         Starting Uncomplicated firewall...
[    7.787657] systemd[1]: Mounting POSIX Message Queue File System...
         Mounting POSIX Message Queue File System...
[    7.802608] systemd[1]: Starting Create list of required static device nodes for the current kernel...
         Starting Create list of required st... nodes for the current kernel...
[    7.815585] systemd[1]: Starting Set console keymap...
         Starting Set console keymap...
[    7.825833] systemd[1]: Mounting Debug File System...
         Mounting Debug File System...
[    7.838199] systemd[1]: Listening on Journal Socket (/dev/log).
[[0;32m  OK  [0m] Listening on Journal Socket (/dev/log).
[    7.848555] systemd[1]: Mounting Huge Pages File System...
         Mounting Huge Pages File System...
[    7.860508] systemd[1]: Listening on Journal Audit Socket.
[[0;32m  OK  [0m] Listening on Journal Audit Socket.
[    7.886518] systemd[1]: Starting Journal Service...
         Starting Journal Service...
[    7.908217] systemd[1]: Starting Nameserver information manager...
         Starting Nameserver information manager...
[    7.924838] systemd[1]: Starting Remount Root and Kernel File Systems...
         Starting Remount Root and Kernel File Systems...
[    7.940213] systemd[1]: Listening on LVM2 metadata daemon socket.
[[0;32m  OK  [0m] Listening on LVM2 metadata daemon socket.
[    7.954845] systemd[1]: Starting Monitoring of LVM2 mirrors, snapshots etc. using dmeventd or progress polling...
         Startin[    7.971410] EXT4-fs (sda1): re-mounted. Opts: (null)
g Monitoring of LVM2 mirrors... dmeventd or progress polling...
[    8.018675] systemd[1]: Starting Load Kernel Modules...
         Starting Load Kernel Modules...
[    8.045484] random: nonblocking pool is initialized
[    8.048382] systemd[1]: Mounted POSIX Message Queue File System.
[[0;32m  OK  [0m] Mounted POSIX Message Queue File System.
[    8.073614] Loading iSCSI transport class v2.0-870.
[    8.078922] systemd[1]: Mounted Debug File System.
[[0;32m  OK  [0m] Mounted Debug File System.
[    8.088794] systemd[1]: Mounted Huge Pages File System.
[[0;32m  OK  [0m] Mounted Huge Pages File System.
[    8.109694] systemd[1]: Started Journal Service.
[[0;32m  OK  [0m] Started Journal Service.
[[0;32m  OK  [0m] Started Uncomplicated firewall.
[    8.130809] iscsi: registered transport (tcp)
[[0;32m  OK  [0m] Started Create list of required sta...ce nodes for the current kernel.
[[0;32m  OK  [0m] Started Set console keymap.
[[0;32m  OK  [0m] Started Remount Root and Kernel File Systems.
[[0;32m  OK  [0m] Started Nameserver information manager.
[    8.255577] iscsi: registered transport (iser)
[[0;32m  OK  [0m] Started Load Kernel Modules.
         Mounting FUSE Control File System...
         Starting Apply Kernel Variables...
[[0;32m  OK  [0m] Started LVM2 metadata daemon.
         Starting Load/Save Random Seed...
         Starting udev Coldplug all Devices...
         Starting Create Static Device Nodes in /dev...
         Starting Flush Journal to Persistent Storage...
[[0;32m  OK  [0m] Mounted FUSE Control File System.
[[0;32m  OK  [0m] Started Apply Kernel Variables.
[[0;32m  OK  [0m] Started Load/Save Random Seed.
[[0;32m  OK  [0m] Started Create Static Device Nodes in /dev.
[[0;32m  OK  [0m] Started udev Coldplug all Devices.
[[0;32m  OK  [0m] Started Monitoring of LVM2 mirrors,...ng dmeventd or progress polling.
[[0;32m  OK  [0m] Started Flush Journal to Persistent Storage.
         Starting udev Kernel Device Manager...
[[0;32m  OK  [0m] Reached target Local File Systems (Pre).
[[0;32m  OK  [0m] Reached target Local File Systems.
         Starting Set console font and keymap...
         Starting LSB: AppArmor initialization...
         Starting Tell Plymouth To Write Out Runtime Data...
         Starting Create Volatile Files and Directories...
         Starting Initial cloud-init job (pre-networking)...
         Starting Commit a transient machine-id on disk...
[[0;32m  OK  [0m] Started Tell Plymouth To Write Out Runtime Data.
[[0;32m  OK  [0m] Started Create Volatile Files and Directories.
[[0;32m  OK  [0m] Started Commit a transient machine-id on disk.
         Starting Update UTMP about System Boot/Shutdown...
[[0;32m  OK  [0m] Started Update UTMP about System Boot/Shutdown.
[[0;32m  OK  [0m] Started udev Kernel Device Manager.
[[0;32m  OK  [0m] Started Dispatch Password Requests to Console Directory Watch.
[[0;32m  OK  [0m] Found device /dev/ttyS0.
[[0;32m  OK  [0m] Listening on Load/Save RF Kill Switch Status /dev/rfkill Watch.
[[0;32m  OK  [0m] Started Set console font and keymap.
[[0;32m  OK  [0m] Created slice system-getty.slice.
[[0;32m  OK  [0m] Started LSB: AppArmor initialization.
[   10.601198] cloud-init[483]: Cloud-init v. 18.5-45-g3554ffe8-0ubuntu1~16.04.1 running 'init-local' at Tue, 14 May 2019 18:02:04 +0000. Up 10.14 seconds.
[[0;32m  OK  [0m] Started Initial cloud-init job (pre-networking).
[[0;32m  OK  [0m] Reached target Network (Pre).
         Starting Raise network interfaces...
[[0;32m  OK  [0m] Started Raise network interfaces.
[[0;32m  OK  [0m] Reached target Network.
         Starting Initial cloud-init job (metadata service crawler)...
[   12.796275] cloud-init[941]: Cloud-init v. 18.5-45-g3554ffe8-0ubuntu1~16.04.1 running 'init' at Tue, 14 May 2019 18:02:06 +0000. Up 11.57 seconds.
[   12.803759] cloud-init[941]: ci-info: ++++++++++++++++++++++++++++++++++++++Net device info+++++++++++++++++++++++++++++++++++++++
[   12.811041] cloud-init[941]: ci-info: +--------+-------+----------------------------+---------------+--------+-------------------+
[   12.817571] cloud-init[941]: ci-info: | Device |   Up  |          Address           |      Mask     | Scope  |     Hw-Address    |
[   12.822921] cloud-init[941]: ci-info: +--------+-------+----------------------------+---------------+--------+-------------------+
[   12.832723] cloud-init[941]: ci-info: | enp0s3 |  True |         10.0.2.15          | 255.255.255.0 | global | 02:3a:f4:24:e2:72 |
[   12.838965] cloud-init[941]: ci-info: | enp0s3 |  True | fe80::3a:f4ff:fe24:e272/64 |       .       |  link  | 02:3a:f4:24:e2:72 |
[   12.852788] cloud-init[941]: ci-info: | enp0s8 | False |             .              |       .       |   .    | 08:00:27:e0:5f:03 |
[   12.859303] cloud-init[941]: ci-info: |   lo   |  True |         127.0.0.1          |   255.0.0.0   |  host  |         .         |
[   12.866224] [[0;32m  OK  [0m] Started Initial cloud-init job (metadata service crawler).
[[0;32m  OK  [0m] Reached target System Initialization.
cloud-init[941]: ci-info: |   lo   |  True |          ::1/128           |       .       |  host  |         .         |
[   12.877432] cloud-init[941]: ci-info: +--------+-------+----------------------------+---------------+--------+-------------------+
[[0;32m  OK  [0m] Started ACPI Events Check.
[   12.885500] [[0;32m  OK  [0m] Reached target Paths.
[[0;32m  OK  [0m] Listening on D-Bus System Message Bus Socket.
[[0;32m  OK  [0m] Listening on UUID daemon activation socket.
[[0;32m  OK  [0m] Started Daily Cleanup of Temporary Directories.
[[0;32m  OK  [0m] Listening on ACPID Listen Socket.
[[0;32m  OK  [0m] Started Daily apt download activities.
[[0;32m  OK  [0m] Started Daily apt upgrade and clean activities.
[[0;32m  OK  [0m] Reached target Timers.
         Starting Socket activation for snappy daemon.
cloud-init         Starting LXD - unix socket.
[[0;32m  OK  [0m] Reached target Network is Online.
[941]: ci-info: +++++++++++++++++++++++++++Route IPv4 info++++++++++++++++++++++++++++
[   12.915109] cloud-init[941]: ci-info: +-------+-------------+----------+---------------+-----------+-------+
[   12.919925] cloud-init[941]: ci-info: | Route | Destination | Gateway  |    Genmask    | Interface | Flags |
[   12.925595] cloud-init[941]: ci-info: +-------+-------------+----------+---------------+-----------+-------+
[   12.930734] cloud-init[941]: ci-info: |   0   |   0.0.0.0   | 10.0.2.2 |    0.0.0.0    |   enp0s3  |   UG  |
[   12.936323]          Starting iSCSI initiator daemon (iscsid)...
[[0;32m  OK  [0m] Reached target Cloud-config availability.
[[0;32m  OK  [0m] Listening on Socket activation for snappy daemon.
[[0;32m  OK  [0m] Listening on LXD - unix socket.
cloud-init[941]: ci-info: |   1   |   10.0.2.0  | 0.0.0.0  | 255.255.255.0 |   enp0s3  |   U   |[[0;32m  OK  [0m] Reached target Sockets.
[[0;32m  OK  [0m] Reached target Basic System.

[   12.957605] cloud-init[[0;32m  OK  [0m] Started ACPI event daemon.
[941]: ci-info: +-------+-------------+----------+---------------+-----------+-------+
         Starting LSB: MD monitoring daemon...
         Starting /etc/rc.local Compatibility...
[   12.979646] [[0;32m  OK  [0m] Started Deferred execution scheduler.
         Starting LSB: Record successful boot for GRUB...
[[0;32m  OK  [0m] Started D-Bus System Message Bus.
cloud-init[941]: ci-info: +++++++++++++++++++Route IPv6 info+++++++++++++++++++
[   13.000890] cloud-init[941]: ci-info: +-------+-------------+---------+-----------+-------+
[   13.005812] cloud-init[941]: ci-info: | Route | Destination | Gateway | Interface | Flags |
[   13.012422] cloud-init[941]: ci-info: +-------+-------------+---------+-----------+-------+
[   13.016003] cloud-init[941]: ci-info: |   0   |  fe80::/64  |    ::   |   enp0s3  |   U   |
[   13.020490] cloud-init[941]: ci-info: |   3   |   ff00::/8  |    ::   |   enp0s3  |   U   |
[   13.024571] cloud-init[941]: ci-info: +-------+-------------+---------+-----------+-------+
[   13.029643] cloud-init[941]: Generating public/private rsa key pair.
[   13.033085] cloud-init[941]: Your identification has been saved in /etc/ssh/ssh_host_rsa_key.
[   13.036549] cloud-init[941]: Your public key has been saved in /etc/ssh/ssh_host_rsa_key.pub.
[   13.040342] cloud-init[941]: The key fingerprint is:
[   13.043097] cloud-init[941]: SHA256:phYJ8lPbEF/QQWLyZ3Xgvn1QcpnmqPBHNLLCQ5W7aLY root@ubuntu-xenial
[   13.047267] cloud-init[941]: The key's randomart image is:
[   13.050149] cloud-init[941]: +---[RSA 2048]----+
[   13.052638] cloud-init[941]: |      o +++o+..  |
[   13.054822] cloud-init[941]: |       * oo+ .  o|
[   13.057158] cloud-init[941]: |  . . o o.o.oo.+o|
[   13.059893] cloud-init[941]: |   o o =oo o+ =+ |
[   13.062203] cloud-init[941]: |    o + S=..oo.. |
[   13.064517] cloud-init[941]: |     . + +=.oo . |
[   13.066852] cloud-init[941]: |      o o .o... .|
[   13.069197] cloud-init[941]: |     .   E  .  . |
[   13.071791] cloud-init[941]: |                 |
[   13.074015] cloud-init[941]: +----[SHA256]-----+
[   13.077553] cloud-init[941]: Generating public/private dsa key pair.
[   13.080375] cloud-init[941]: Your identification has been saved in /etc/ssh/ssh_host_dsa_key.
[   13.083709] cloud-init[941]: Your public key has been saved in /etc/ssh/ssh_host_dsa_key.pub.
[   13.087160] cloud-init[941]: The key fingerprint is:
[   13.089522] cloud-init[941]: SHA256:amGKu1Da94znpUsxG+g2rO3Acpzy/JN0gV/SapCY1tU root@ubuntu-xenial
[   13.094112] cloud-init[941]: The key's randomart image is:
[   13.096451] cloud-init[941]: +---[DSA 1024]----+
[   13.099790] cloud-init[941]: |       .         |
[   13.102615] cloud-init[941]: |      . E        |
[   13.105627] cloud-init[941]: |   + + .         |
[   13.108757] cloud-init[941]: |  + =.o o        |
[   13.111440] cloud-init[941]: | .. .o*=S        |
[   13.124692] [[0;32m  OK  [0m] Started FUSE filesystem for LXC.
         Starting System Logging Service...
cloud-init[941]: | * =.o=B         |
[   13.132309]          Starting Pollinate to seed the pseudo random number generator...
cloud-init[941]: |= O.B+= .        |
         Starting Accounts Service...
[   13.146409]          Starting Snappy daemon...
cloud-init[941]: | B BoB.o         |         Starting Login Service...

[[0;32m  OK  [0m] Started Regular background program processing daemon.
[   13.168366] cloud-init[941]: |  *+=+*.         |
[   13.182655]          Starting Virtualbox guest utils...
cloud-init[941]: +----[SHA256]-----+
         Starting LXD - container startup/shutdown...
[[0;32m  OK  [0m] Started Unattended Upgrades Shutdown.
[   13.197024] cloud-init[941]: Generating public/private ecdsa key pair.
[   13.201974] cloud-init[941]: Your identification has been saved in /etc/ssh/ssh_host_ecdsa_key.
[[0;32m  OK  [0m] Started /etc/rc.local Compatibility.
[   13.214417] cloud-init[941]: Your public key has been saved in /etc/ssh/ssh_host_ecdsa_key.pub.
[   13.235517] cloud-init[941]: The key fingerprint is:
[   13.252938] cloud-init[941]: SHA256:cJrFWYmTL+Jrt9GYNH+43F3/s72LPtKR+6vl5M3SVYg root@ubuntu-xenial
[   13.267173] cloud-init[941]: The key's randomart image is:
[[0;32m  OK  [0m] Started System Logging Service.
[   13.292412] cloud-init[[0;32m  OK  [0m] Started iSCSI initiator daemon (iscsid).
[941]: +---[ECDSA 256]---+
[   13.307097] cloud-init[941]: |         o..     |
[   13.340623] cloud-init[941]: |       .+o.      |
[   13.345326] cloud-init[941]: |      . =o   . . |
[   13.359647] cloud-init[941]: |      .*. . E . .|
[   13.368491] cloud-init[941]: |     .o.S.    . .|
[   13.371604] cloud-init[941]: |      .. * . o  .|
[   13.376978] cloud-init[941]: |       .+ + o o+o|
[   13.397216] cloud-init[941]: |      o .o = =B+=|
[   13.414413] cloud-init[941]: |     . ...o ++=X&|
[   13.420332] cloud-init[941]: +----[SHA256]-----+
[[0;32m  OK  [0m] Started LSB: Record successful boot for GRUB.
[[0;32m  OK  [0m] Started LSB: MD monitoring daemon.
[   13.425643] cloud-init[941]: Generating public/private ed25519 key pair.
[   13.441668] cloud-init[941]: Your identification has been saved in /etc/ssh/ssh_host_ed25519_key.
[   13.456812] cloud-init[941]: Your public key has been saved in /etc/ssh/ssh_host_ed25519_key.pub.
[   13.467629] cloud-init[941]: The key fingerprint is:
[   13.475885] cloud-init[941]: SHA256:5AOgX3qXfboZRssVg0H0X4CxU76njnX/do+RmNM1rI4 root@ubuntu-xenial
[   13.487189] cloud-init[941]: The key's randomart image is:
[[0;32m  OK  [0m] Started Login Service.
[   13.508169] cloud-init[941]: +--[ED25519 256]--+
[   13.517104] cloud-init[941]: |    .    o+ .oo  |
[   13.526723] cloud-init[941]: |   . .     +.+ . |
[   13.529026] cloud-init[941]: |  .   o . . * . .|
         Starting Authenticate and Authorize Users to Run Privileged Tasks...
[   13.529558] cloud-init[941]: |   . o + o   =.o |
         Starting Login to default iSCSI targets...
[   13.541578] cloud-init[941]: |    o . S o o ooo|
[   13.549680] cloud-init[941]: |     . . + = +.=.|
[   13.553055] cloud-init[941]: |          * +.* .|
[   13.562428] cloud-init[941]: |         . +o= ++|
[   13.574702] cloud-init[941]: |          oE..o.B|
[   13.581296] cloud-init[941]: +----[SHA256]-----+
[[0;32m  OK  [0m] Started Authenticate and Authorize Users to Run Privileged Tasks.
[[0;32m  OK  [0m] Started Accounts Service.
[[0;32m  OK  [0m] Started Login to default iSCSI targets.
[[0;32m  OK  [0m] Reached target Remote File Systems (Pre).
[[0;32m  OK  [0m] Reached target Remote File Systems.
         Starting LSB: Set the CPU Frequency Scaling governor to "ondemand"...
         Starting Permit User Sessions...
         Starting LSB: daemon to balance interrupts for SMP systems...
         Starting LSB: automatic crash report generation...
[[0;32m  OK  [0m] Started Virtualbox guest utils.
[[0;32m  OK  [0m] Started LXD - container startup/shutdown.
[[0;32m  OK  [0m] Started Permit User Sessions.
[[0;32m  OK  [0m] Started Snappy daemon.
[[0;32m  OK  [0m] Started LSB: Set the CPU Frequency Scaling governor to "ondemand".
         Starting Wait until snapd is fully seeded...
         Starting Terminate Plymouth Boot Screen...
         Starting Hold until boot process finishes up...
[[0;32m  OK  [0m] Started LSB: daemon to balance interrupts for SMP systems.
[[0;32m  OK  [0m] Started LSB: automatic crash report generation.
[[0;32m  OK  [0m] Started Terminate Plymouth Boot Screen.
[[0;32m  OK  [0m] Started Hold until boot process finishes up.
[[0;32m  OK  [0m] Started Serial Getty on ttyS0.
[[0;32m  OK  [0m] Started Getty on tty1.
[[0;32m  OK  [0m] Reached target Login Prompts.
         Starting Set console scheme...
[[0;32m  OK  [0m] Started Set console scheme.
[[0;32m  OK  [0m] Started Pollinate to seed the pseudo random number generator.
         Starting OpenBSD Secure Shell server...
[[0;32m  OK  [0m] Started OpenBSD Secure Shell server.
[[0;32m  OK  [0m] Created slice User Slice of vagrant.
         Starting User Manager for UID 1000...
[[0;32m  OK  [0m] Started Session 1 of user vagrant.
[[0;32m  OK  [0m] Started User Manager for UID 1000.
[[0;32m  OK  [0m] Started Wait until snapd is fully seeded.
         Starting Apply the settings specified in cloud-config...
[[0;32m  OK  [0m] Reached target Multi-User System.
[[0;32m  OK  [0m] Reached target Graphical Interface.
         Starting Update UTMP about System Runlevel Changes...
[[0;32m  OK  [0m] Started Update UTMP about System Runlevel Changes.
[   16.777877] cloud-init[1326]: Generating locales (this might take a while)...
[   18.408582] cloud-init[1326]:   en_US.UTF-8... done
[   18.412892] cloud-init[1326]: Generation complete.
         Stopping User Manager for UID 1000...
[[0;32m  OK  [0m] Stopped User Manager for UID 1000.
[[0;32m  OK  [0m] Removed slice User Slice of vagrant.
[[0;32m  OK  [0m] Created slice User Slice of vagrant.
         Starting User Manager for UID 1000...
[[0;32m  OK  [0m] Started Session 2 of user vagrant.
[[0;32m  OK  [0m] Started User Manager for UID 1000.
[   19.471723] cloud-init[1326]: Cloud-init v. 18.5-45-g3554ffe8-0ubuntu1~16.04.1 running 'modules:config' at Tue, 14 May 2019 18:02:11 +0000. Up 16.48 seconds.

Ubuntu 16.04.6 LTS ubuntu-xenial ttyS0

ubuntu-xenial login: ci-info: no authorized ssh keys fingerprints found for user ubuntu.
<14>May 14 18:02:15 ec2: 
<14>May 14 18:02:15 ec2: #############################################################
<14>May 14 18:02:15 ec2: -----BEGIN SSH HOST KEY FINGERPRINTS-----
<14>May 14 18:02:15 ec2: 1024 SHA256:amGKu1Da94znpUsxG+g2rO3Acpzy/JN0gV/SapCY1tU root@ubuntu-xenial (DSA)
<14>May 14 18:02:15 ec2: 256 SHA256:cJrFWYmTL+Jrt9GYNH+43F3/s72LPtKR+6vl5M3SVYg root@ubuntu-xenial (ECDSA)
<14>May 14 18:02:15 ec2: 256 SHA256:5AOgX3qXfboZRssVg0H0X4CxU76njnX/do+RmNM1rI4 root@ubuntu-xenial (ED25519)
<14>May 14 18:02:15 ec2: 2048 SHA256:phYJ8lPbEF/QQWLyZ3Xgvn1QcpnmqPBHNLLCQ5W7aLY root@ubuntu-xenial (RSA)
<14>May 14 18:02:15 ec2: -----END SSH HOST KEY FINGERPRINTS-----
<14>May 14 18:02:15 ec2: #############################################################
-----BEGIN SSH HOST KEY KEYS-----
ecdsa-sha2-nistp256 AAAAE2VjZHNhLXNoYTItbmlzdHAyNTYAAAAIbmlzdHAyNTYAAABBBL3kgb2OztBXDLSklfAm3qXdSHt08jtkcCGuJLsUTazNR86QeQ7sfa25KB8WHkvliWZfPIqDEA96COtqnZKIozk= root@ubuntu-xenial
ssh-ed25519 AAAAC3NzaC1lZDI1NTE5AAAAIBtRIlyYBQJvbpxt3PRDqSzfzAsz35Ubny7CFIvC1pG1 root@ubuntu-xenial
ssh-rsa AAAAB3NzaC1yc2EAAAADAQABAAABAQC0C61mn+iVpVFglpeRgCpIRunP2AEH7NdlYkvRM1OKPoROMMLJEI7zjQzIm5t56fDruN6PBdDN92dSR7Z9A3XBbmk/dxJdEEhxHxZf+YbpXQo9lw9NM8XlP8LLrbiA6Uw9COq637GDwhkDKMBPPYQ6C3Yw3yMZtss4U0Jeg9jycELnO14Q/ZDBhmBvz6uNy/WBaTkvd1hxXtGL9/JrrRPmS/wItIQskrwDqAGDhWDFptwKPlBz4ihyqaS83hsFXvJ2UKeoYXldaTxUo0YgsQyrjWuG4GKLrcphCTFl9RQ5Hm+myqkoXStk0ZAku1VCeN6BPcAkcvnQcvHA1n0wMTOz root@ubuntu-xenial
-----END SSH HOST KEY KEYS-----
[   20.597939] cloud-init[1588]: Cloud-init v. 18.5-45-g3554ffe8-0ubuntu1~16.04.1 running 'modules:final' at Tue, 14 May 2019 18:02:14 +0000. Up 20.24 seconds.
[   20.614516] cloud-init[1588]: ci-info: no authorized ssh keys fingerprints found for user ubuntu.
[   20.628524] cloud-init[1588]: Cloud-init v. 18.5-45-g3554ffe8-0ubuntu1~16.04.1 finished at Tue, 14 May 2019 18:02:15 +0000. Datasource DataSourceNoCloud [seed=/dev/sdb][dsmode=net].  Up 20.57 seconds
